// Jest Snapshot v1, https://goo.gl/fbAQLP

exports[`should render edit expense page 1`] = `
<div>
  <button
    key="1"
    onClick={[Function]}
  >
    Remove
  </button>
  <ExpenseForm
    expense={
      Object {
        "amount": 195,
        "createdAt": 0,
        "description": "Gum",
        "id": "1",
        "note": "Test",
      }
    }
    onSubmit={[Function]}
  />
</div>
`;
